方案一：金 / 水体系（主克木、克火）
全队亲和力目标：9 ~ 10（金属性、水属性物理与法术通用，敏捷属性极佳，最推荐作为主套）

敏男魔：黄金兽卡 (亲和9) ｜ 冰雪魔卡 (亲和9) ｜ 冥灵妃子卡 (亲和9)

敏女魔：黄金兽卡 (亲和9) ｜ 冰雪魔卡 (亲和9) ｜ 冥灵妃子卡 (亲和9)

1敏人：吉祥果卡 (亲和10) ｜ 黄金兽卡 (亲和9) ｜ 冰雪魔卡 (亲和9)

1敏女仙：黄金兽卡 (亲和9) ｜ 水灵仙卡 (亲和9) ｜ 九霄神雷卡 (亲和10)

1血男鬼：白骨精卡 (亲和9) ｜ 龟丞相卡 (亲和9) ｜ 蟹将卡 (亲和9)

🍃 方案二：木 / 火体系（主克金、克土）
全队亲和力目标：7 ~ 8（适合杀特定抗金、抗土的PVE高难度副本，仙法输出上限极高）

敏男魔：五叶卡 (亲和8) ｜ 蝴蝶仙子卡 (亲和7) ｜ 桃花仙卡 (亲和7)

敏女魔：五叶卡 (亲和8) ｜ 蝴蝶仙子卡 (亲和7) ｜ 桃花仙卡 (亲和7)

1敏人：吉祥果卡 (亲和10) ｜ 进阶画皮娘子卡 (亲和8) ｜ 孔雀明王卡 (亲和8)

1敏女仙：颜如玉卡 (亲和8) ｜ 桃花仙卡 (亲和7) ｜ 火神女娲卡 (亲和8)

1血男鬼：地府罗刹卡 (亲和8) ｜ 蜘蛛精卡 (亲和7) ｜ 游魂卡 (亲和7)

🪨 方案三：纯土体系（主克水）
全队亲和力目标：5 ~ 6（血法加成极高，适合打抗物理、需要高血量容错的强力PVE抗性局）

敏男魔：精怪卡 (亲和6) ｜ 独眼巨人卡 (亲和5) ｜ 浪淘沙卡 (亲和5)

敏女魔：精怪卡 (亲和6) ｜ 独眼巨人卡 (亲和5) ｜ 浪淘沙卡 (亲和5)

1敏人：独眼巨人卡 (亲和5) ｜ 垂云叟卡 (亲和5) ｜ 精怪卡 (亲和6)

1敏女仙：垂云叟卡 (亲和5) ｜ 铁扇公主卡 (亲和6) ｜ 黄金兽卡（转土属性卡，亲和6）

1血男鬼：食土兽卡 (亲和5) ｜ 泥石怪卡 (亲和5) ｜ 拨浪鼓卡 (亲和5)


敏男魔：冰雪魔卡（亲和 9）

抗性优势：提供极高的 +12% 速度。相比黄金兽卡，冰雪魔卡提供大幅的 HP（气血）加成 且不减法力，同时附带极佳的抗物理与抗震慑底子，极难被大吸抽干或被物理怪一击秒杀。

敏女魔：冰雪魔卡（亲和 9）

抗性优势：同男魔，高敏、高血、抗大吸，确保开局必定能顺利放出“盘”来抵御怪物的仙法和人法。

1敏人（主控）：冰雪魔卡（亲和 9）

抗性优势：实战中如果抗性吃紧，吉祥果卡（血薄抗性底子弱）极易成为突破口。换成冰雪魔卡后，敏人血量大增，同时冰雪魔卡自带冰混睡强法修正，在抗性极佳的同时不丢失控制能力。

1敏女仙（输出）：水灵仙卡（亲和 9）

抗性优势：提供大量的 MP（法力）上限加成，天然对冲被震慑抽蓝的风险。同时该卡拥有极好的抗震慑与抗仙法属性，配合克火（水克火）体系一炮清场。

1血男鬼（回血）：白骨精卡（亲和 9）

抗性优势：全队定海神针。自带超高的抗物理、抗震慑（高达 +12% 左右的抗震慑），且提供巨额血量加成与强三尸回血。由于亲和同样为 9，能与敏人、敏魔、敏仙完美共鸣。